2026-08-29T17:47:18.209264 | ACCOUNT | someone deposited 6000 euros  | [Agent: ACCOUNT][Tool: PROFILE]

Hello! Thank you for contacting BinaryBucks support. Please note that this is a simulated environment and all profile data and examples are strictly fictional. No real banking systems or accounts are accessed, and no real financial actions can be performed.

If you encounter an unexpected deposit—such as an unrecognized 6,000 EUR transfer—in a real-world banking scenario, here are the conservative, risk-aware steps you should take:

1. **Do Not Spend or Transfer the Funds:** Unexpected deposits may be due to a processing error, a misdirected transfer, or potential fraudulent activity. If funds were deposited in error, the sending institution or account holder may initiate a recall.
2. **Be Cautious of Scams:** If an unknown party contacts you asking you to return the money via wire transfer, gift cards, or a third-party app, do not comply. Legitimate recall processes are handled directly between financial institutions.
3. **Escalate to Official Human Review:** Because automated AI systems cannot process fraud claims, make liability decisions, or reverse transactions, any unexpected deposit should be reported directly to your bank's official customer support or fraud department for a formal investigation.

Since I am an AI agent operating in a simulation, I cannot alter balances, open investigations, or contact real banking departments. Please reach out to your bank's human support team via their official phone number or secure messaging system to report the item.
2026-08-29T17:47:54.506723 | ACCOUNT | illegeal tranascation  | [Agent: ACCOUNT]
[Tool: PROFILE]

Hello. Please note that this is a simulated environment, and all customer data and examples provided are strictly fictional. No real banking systems are accessed, and no real financial actions (such as blocking cards, reversing transactions, or issuing refunds) can be performed through this automated tool.

I understand you are reporting an illegal or unauthorized transaction related to simulated profile CUST123. Because potential fraud or unauthorized activity involves security risks, our compliance guidelines require that high-risk cases be escalated to human review.

**Recommended Steps for Handling Suspected Fraud:**

1. **Human Escalation:** In a real banking scenario, reports of unauthorized activity must be reviewed immediately by a human fraud specialist. 
2. **Contact Official Channels:** If you ever suspect fraudulent activity on a real account, you should immediately call the official fraud prevention phone number located on the back of your payment card or on your financial institution's official website.
3. **Secure Accounts:** Real support teams can assist with freezing compromised cards, changing credentials, and filing formal transaction disputes.

*Note: As an automated AI assistant, I cannot provide legal advice, make promises regarding refunds or liability decisions, or execute security locks on real accounts. Please consult a human banking representative or legal advisor for official assistance with real-world financial security.*
2026-08-29T17:50:17.342692 | RISK | risk | [Agent: RISK]
[Tool: RISK]

Hello, I am BinaryBucks, your simulated banking support AI agent. 

*Please note: All scenarios, transactions, and data discussed are strictly fictional and for simulation purposes only.*

Based on the simulated model assessment, the transaction of $6,000 (Country: US) has been categorized as **HIGH RISK**. 

In line with our risk-aware safety policies, BinaryBucks cannot perform account actions, grant approvals, or make final fraud or liability determinations. Because this case involves a high risk level, it must be escalated to a human fraud specialist for a formal review. 

I have flagged this simulated case for human review. If you have general questions about banking security practices or need guidance on simulated support topics, please let me know.
2026-08-29T18:04:44.858366 | ACCOUNT | whats my account balance | [Agent: ACCOUNT]
[Tool: PROFILE]

Hello! I would be happy to help you with your account balance inquiry today.

Based on your simulated account profile, here are your current balances:

* **Current Account:** $2,500
* **Savings Account:** $12,000

*(Note: Please keep in mind that BinaryBucks is a simulated banking support service, and these account details and balances are purely fictional examples).*

Is there anything else I can help you with regarding your accounts today?
2026-08-29T18:05:11.313661 | ACCOUNT | what is my latest transaction ?  | [Agent: ACCOUNT]

Hello! I'd be happy to check that for you.

Based on your simulated profile records, there are currently no recent transactions listed for your Current or Savings accounts. 

*(Note: Please keep in mind that BinaryBucks is a simulated banking support service, and all account details and records are purely fictional examples).*

Is there anything else I can help you with today?
2026-08-29T19:10:31.350997 | CARD | my card is blocked | BinaryBucks encountered an issue while generating a card-related response. This is a simulated environment; please try again later.
2026-08-29T19:12:10.126160 | ACCOUNT | what is my account balance?  | Hello! Based on your simulated profile (**CUST001**), here are the details for your accounts:

* **Current Account:** €2,500.00 (Simulated)
* **Savings Account:** €12,000.00 (Simulated)

---
*Please note: All balances, transactions, and account details shown here are strictly simulated for demonstration purposes only. BinaryBucks does not connect to real bank accounts or execute actual financial transactions. For assistance with real accounts, please reach out to your official banking institution.*
2026-08-29T19:13:00.079122 | ACCOUNT | there is an invalid transaction in my account?  | BinaryBucks encountered an issue while generating a response. This is a simulated environment; please try again later.
